2026-02-14 11:18:04,672|INFO|Auth OK type=0
2026-02-14 11:18:06,504|INFO|On-chain balance (0x43732D8A...): $1.888356
2026-02-14 11:19:42,143|INFO|On-chain balance (0x43732D8A...): $1.888356
2026-02-14 11:21:18,514|INFO|On-chain balance (0x43732D8A...): $1.888356
2026-02-14 11:22:54,462|INFO|On-chain balance (0x43732D8A...): $1.888356
2026-02-14 11:24:31,320|INFO|On-chain balance (0x43732D8A...): $1.888356
2026-02-14 11:26:06,400|INFO|On-chain balance (0x43732D8A...): $1.888356
2026-02-14 11:27:43,612|INFO|On-chain balance (0x43732D8A...): $1.888356
2026-02-14 11:29:20,280|INFO|On-chain balance (0x43732D8A...): $1.888356
2026-02-14 11:30:58,043|INFO|On-chain balance (0x43732D8A...): $1.888356
2026-02-14 11:32:33,677|INFO|On-chain balance (0x43732D8A...): $1.888356
2026-02-14 11:34:09,190|INFO|On-chain balance (0x43732D8A...): $1.888356
2026-02-14 11:35:43,377|INFO|On-chain balance (0x43732D8A...): $1.888356
2026-02-14 11:37:19,146|INFO|On-chain balance (0x43732D8A...): $1.888356
2026-02-14 11:38:55,164|INFO|On-chain balance (0x43732D8A...): $1.888356
2026-02-14 11:40:30,169|INFO|On-chain balance (0x43732D8A...): $1.888356
2026-02-14 11:42:05,111|INFO|On-chain balance (0x43732D8A...): $1.888356
2026-02-14 11:43:47,092|INFO|On-chain balance (0x43732D8A...): $1.888356
2026-02-14 11:45:29,886|INFO|On-chain balance (0x43732D8A...): $1.888356
2026-02-14 11:47:06,095|INFO|On-chain balance (0x43732D8A...): $1.888356
2026-02-14 11:48:42,789|INFO|On-chain balance (0x43732D8A...): $1.888356
2026-02-14 11:50:18,464|INFO|On-chain balance (0x43732D8A...): $1.888356
2026-02-14 11:51:55,693|INFO|On-chain balance (0x43732D8A...): $1.888356
2026-02-14 11:53:31,327|INFO|On-chain balance (0x43732D8A...): $1.888356
2026-02-14 11:55:06,393|INFO|On-chain balance (0x43732D8A...): $1.888356
2026-02-14 13:55:32,802|INFO|MAKER: $4.8000 YES (13.33sh @ $0.3600) id=0x1be97e0e190c111db4a7f0ef3baa2d14b0670e822b3241022b863732fa59d3fb status=live
2026-02-14 14:24:52,347|INFO|MAKER: $4.8454 NO (10.31sh @ $0.4700) id=0x3925e59a5ecbf6744f908a29e6bb86d5fa54fc24e579eab12dd8d6ea04f78509 status=live
2026-02-14 14:39:46,784|INFO|MAKER: $2.7692 NO (15.38sh @ $0.1800) id=0x710f5faabf2d5e7f8d3a4f0a6bdb87e64ebf67b6eacde00a1c07163032b504a9 status=live
2026-02-14 14:48:15,967|INFO|MAKER: $4.8193 NO (12.05sh @ $0.4000) id=0xf17ade786dad13f095b872fbe5df8bf058a90c3be2eb5dd8475514079b755dc6 status=live
2026-02-14 15:04:06,490|INFO|MAKER: $2.7568 NO (16.22sh @ $0.1700) id=0xff777e3064e51e2a63ab0a81255e11cf43e1eabad113270ce73b8827ec2003d2 status=live
2026-02-14 15:19:08,896|INFO|MAKER: $4.8214 YES (17.86sh @ $0.2700) id=0x6264ffa5e3c948e0ca63c66ff0154a7dd8215566c6775815dcc45a7ad8deb0fa status=live
2026-02-14 15:21:35,281|DEBUG|Midpoint fail: PolyApiException[status_code=None, error_message=Request exception!]
